--------------------------------------------------------------------------------
Release 14.2 Trace  (nt64)
Copyright (c) 1995-2012 Xilinx, Inc.  All rights reserved.

C:\Xilinx\14.2\ISE_DS\ISE\bin\nt64\unwrapped\trce.exe -intstyle ise -v 3 -s 2
-n 3 -fastpaths -xml TopModule.twx TopModule.ncd -o TopModule.twr TopModule.pcf

Design file:              TopModule.ncd
Physical constraint file: TopModule.pcf
Device,package,speed:     xc7a100t,csg324,C,-2 (ADVANCED 1.04 2012-07-09)
Report level:             verbose report

Environment Variable      Effect 
--------------------      ------ 
NONE                      No environment variables were set
--------------------------------------------------------------------------------

INFO:Timing:2698 - No timing constraints found, doing default enumeration.
INFO:Timing:3412 - To improve timing, see the Timing Closure User Guide (UG612).
INFO:Timing:2752 - To get complete path coverage, use the unconstrained paths 
   option. All paths that are not constrained will be reported in the 
   unconstrained paths section(s) of the report.
INFO:Timing:3339 - The clock-to-out numbers in this timing report are based on 
   a 50 Ohm transmission line loading model.  For the details of this model, 
   and for more information on accounting for different loading conditions, 
   please see the device datasheet.



Data Sheet report:
-----------------
All values displayed in nanoseconds (ns)

Pad to Pad
---------------+---------------+---------+
Source Pad     |Destination Pad|  Delay  |
---------------+---------------+---------+
en             |outbin<1>      |    9.062|
en             |outbin<2>      |    9.340|
en             |outbin<3>      |    8.914|
en             |outbin<4>      |    9.053|
en             |outbin<5>      |    9.222|
en             |outbin<6>      |    9.077|
en             |outsel<0>      |    9.798|
en             |outsel<1>      |    9.912|
en             |outsel<2>      |    8.869|
en             |outsel<3>      |    8.695|
u              |outbin<1>      |    9.460|
u              |outbin<2>      |    9.738|
u              |outbin<4>      |    9.467|
u              |outbin<5>      |    9.636|
w              |outsel<0>      |    9.352|
w              |outsel<1>      |    9.470|
w              |outsel<2>      |    8.889|
w              |outsel<3>      |    8.699|
x              |outsel<0>      |    9.387|
x              |outsel<1>      |    9.496|
x              |outsel<2>      |    9.301|
y              |outsel<0>      |    9.120|
y              |outsel<1>      |    9.245|
z              |outsel<0>      |    8.996|
---------------+---------------+---------+


Analysis completed Tue May 19 10:01:07 2015 
--------------------------------------------------------------------------------

Trace Settings:
-------------------------
Trace Settings 

Peak Memory Usage: 608 MB



