Release 14.2 - xst P.28xd (nt64)
Copyright (c) 1995-2012 Xilinx, Inc.  All rights reserved.
--> Parameter TMPDIR set to xst/projnav.tmp


Total REAL time to Xst completion: 0.00 secs
Total CPU time to Xst completion: 0.09 secs
 
--> Parameter xsthdpdir set to xst


Total REAL time to Xst completion: 0.00 secs
Total CPU time to Xst completion: 0.09 secs
 
--> Reading design: testBigMod.prj

TABLE OF CONTENTS
  1) Synthesis Options Summary
  2) HDL Parsing
  3) HDL Elaboration
  4) HDL Synthesis
       4.1) HDL Synthesis Report
  5) Advanced HDL Synthesis
       5.1) Advanced HDL Synthesis Report
  6) Low Level Synthesis
  7) Partition Report
  8) Design Summary
       8.1) Primitive and Black Box Usage
       8.2) Device utilization summary
       8.3) Partition Resource Summary
       8.4) Timing Report
            8.4.1) Clock Information
            8.4.2) Asynchronous Control Signals Information
            8.4.3) Timing Summary
            8.4.4) Timing Details
            8.4.5) Cross Clock Domains Report


=========================================================================
*                      Synthesis Options Summary                        *
=========================================================================
---- Source Parameters
Input File Name                    : "testBigMod.prj"
Ignore Synthesis Constraint File   : NO

---- Target Parameters
Output File Name                   : "testBigMod"
Output Format                      : NGC
Target Device                      : xc7a100t-2-csg324

---- Source Options
Top Module Name                    : testBigMod
Automatic FSM Extraction           : YES
FSM Encoding Algorithm             : Auto
Safe Implementation                : No
FSM Style                          : LUT
RAM Extraction                     : Yes
RAM Style                          : Auto
ROM Extraction                     : Yes
Shift Register Extraction          : YES
ROM Style                          : Auto
Resource Sharing                   : YES
Asynchronous To Synchronous        : NO
Shift Register Minimum Size        : 2
Use DSP Block                      : Auto
Automatic Register Balancing       : No

---- Target Options
LUT Combining                      : Auto
Reduce Control Sets                : Auto
Add IO Buffers                     : YES
Global Maximum Fanout              : 100000
Add Generic Clock Buffer(BUFG)     : 16
Register Duplication               : YES
Optimize Instantiated Primitives   : NO
Use Clock Enable                   : Auto
Use Synchronous Set                : Auto
Use Synchronous Reset              : Auto
Pack IO Registers into IOBs        : Auto
Equivalent register Removal        : YES

---- General Options
Optimization Goal                  : Speed
Optimization Effort                : 1
Power Reduction                    : NO
Keep Hierarchy                     : No
Netlist Hierarchy                  : As_Optimized
RTL Output                         : Yes
Global Optimization                : AllClockNets
Read Cores                         : YES
Write Timing Constraints           : NO
Cross Clock Analysis               : NO
Hierarchy Separator                : /
Bus Delimiter                      : <>
Case Specifier                     : Maintain
Slice Utilization Ratio            : 100
BRAM Utilization Ratio             : 100
DSP48 Utilization Ratio            : 100
Auto BRAM Packing                  : NO
Slice Utilization Ratio Delta      : 5

---- Other Options
Cores Search Directories           : {"ipcore_dir"  }

=========================================================================


=========================================================================
*                          HDL Parsing                                  *
=========================================================================
Analyzing Verilog file "\\psf\home\Desktop\github\DigitalProject2\VGA\Controller\ipcore_dir\cccc.v" into library work
Parsing module <cccc>.
Analyzing Verilog file "\\psf\home\Desktop\github\DigitalProject2\VGA\Controller\ipcore_dir\cccc\example_design\cccc_exdes.v" into library work
Parsing module <cccc_exdes>.
Analyzing Verilog file "\\psf\home\Desktop\github\DigitalProject2\VGA\Controller\ipcore_dir\tilesetS.v" into library work
Parsing module <tilesetS>.
Analyzing Verilog file "\\psf\home\Desktop\github\DigitalProject2\VGA\Controller\ipcore_dir\screenS.v" into library work
Parsing module <screenS>.
Analyzing Verilog file "\\psf\home\Desktop\github\DigitalProject2\VGA\Controller\VController.v" into library work
Parsing module <VController>.
Analyzing Verilog file "\\psf\home\Desktop\github\DigitalProject2\VGA\Controller\InterruptManager.v" into library work
Parsing module <InterruptManager>.
Analyzing Verilog file "\\psf\home\Desktop\github\DigitalProject2\VGA\Controller\count2bit.v" into library work
Parsing module <count2bit>.
Analyzing Verilog file "\\psf\home\Desktop\github\DigitalProject2\VGA\Controller\ColorSelector.v" into library work
Parsing module <ColorSelector>.
Analyzing Verilog file "\\psf\home\Desktop\github\DigitalProject2\VGA\Controller\testBigMod.v" into library work
Parsing module <testBigMod>.

=========================================================================
*                            HDL Elaboration                            *
=========================================================================
WARNING:HDLCompiler:1016 - "\\psf\home\Desktop\github\DigitalProject2\VGA\Controller\testBigMod.v" Line 58: Port clkdiv is not connected to this instance

Elaborating module <testBigMod>.

Elaborating module <cccc>.

Elaborating module <IBUFG>.

Elaborating module <MMCME2_ADV(BANDWIDTH="OPTIMIZED",CLKOUT4_CASCADE="FALSE",COMPENSATION="ZHOLD",STARTUP_WAIT="FALSE",DIVCLK_DIVIDE=1,CLKFBOUT_MULT_F=10.0,CLKFBOUT_PHASE=0.0,CLKFBOUT_USE_FINE_PS="FALSE",CLKOUT0_DIVIDE_F=10.0,CLKOUT0_PHASE=0.0,CLKOUT0_DUTY_CYCLE=0.5,CLKOUT0_USE_FINE_PS="FALSE",CLKIN1_PERIOD=10.0,REF_JITTER1=0.01)>.
WARNING:HDLCompiler:1127 - "\\psf\home\Desktop\github\DigitalProject2\VGA\Controller\ipcore_dir\cccc.v" Line 127: Assignment to clkfboutb_unused ignored, since the identifier is never used
WARNING:HDLCompiler:1127 - "\\psf\home\Desktop\github\DigitalProject2\VGA\Controller\ipcore_dir\cccc.v" Line 129: Assignment to clkout0b_unused ignored, since the identifier is never used
WARNING:HDLCompiler:1127 - "\\psf\home\Desktop\github\DigitalProject2\VGA\Controller\ipcore_dir\cccc.v" Line 130: Assignment to clkout1_unused ignored, since the identifier is never used
WARNING:HDLCompiler:1127 - "\\psf\home\Desktop\github\DigitalProject2\VGA\Controller\ipcore_dir\cccc.v" Line 131: Assignment to clkout1b_unused ignored, since the identifier is never used
WARNING:HDLCompiler:1127 - "\\psf\home\Desktop\github\DigitalProject2\VGA\Controller\ipcore_dir\cccc.v" Line 132: Assignment to clkout2_unused ignored, since the identifier is never used
WARNING:HDLCompiler:1127 - "\\psf\home\Desktop\github\DigitalProject2\VGA\Controller\ipcore_dir\cccc.v" Line 133: Assignment to clkout2b_unused ignored, since the identifier is never used
WARNING:HDLCompiler:1127 - "\\psf\home\Desktop\github\DigitalProject2\VGA\Controller\ipcore_dir\cccc.v" Line 134: Assignment to clkout3_unused ignored, since the identifier is never used
WARNING:HDLCompiler:1127 - "\\psf\home\Desktop\github\DigitalProject2\VGA\Controller\ipcore_dir\cccc.v" Line 135: Assignment to clkout3b_unused ignored, since the identifier is never used
WARNING:HDLCompiler:1127 - "\\psf\home\Desktop\github\DigitalProject2\VGA\Controller\ipcore_dir\cccc.v" Line 136: Assignment to clkout4_unused ignored, since the identifier is never used
WARNING:HDLCompiler:1127 - "\\psf\home\Desktop\github\DigitalProject2\VGA\Controller\ipcore_dir\cccc.v" Line 137: Assignment to clkout5_unused ignored, since the identifier is never used
WARNING:HDLCompiler:1127 - "\\psf\home\Desktop\github\DigitalProject2\VGA\Controller\ipcore_dir\cccc.v" Line 138: Assignment to clkout6_unused ignored, since the identifier is never used
WARNING:HDLCompiler:1127 - "\\psf\home\Desktop\github\DigitalProject2\VGA\Controller\ipcore_dir\cccc.v" Line 150: Assignment to do_unused ignored, since the identifier is never used
WARNING:HDLCompiler:1127 - "\\psf\home\Desktop\github\DigitalProject2\VGA\Controller\ipcore_dir\cccc.v" Line 151: Assignment to drdy_unused ignored, since the identifier is never used
WARNING:HDLCompiler:1127 - "\\psf\home\Desktop\github\DigitalProject2\VGA\Controller\ipcore_dir\cccc.v" Line 157: Assignment to psdone_unused ignored, since the identifier is never used
WARNING:HDLCompiler:1127 - "\\psf\home\Desktop\github\DigitalProject2\VGA\Controller\ipcore_dir\cccc.v" Line 159: Assignment to locked_unused ignored, since the identifier is never used
WARNING:HDLCompiler:1127 - "\\psf\home\Desktop\github\DigitalProject2\VGA\Controller\ipcore_dir\cccc.v" Line 160: Assignment to clkinstopped_unused ignored, since the identifier is never used
WARNING:HDLCompiler:1127 - "\\psf\home\Desktop\github\DigitalProject2\VGA\Controller\ipcore_dir\cccc.v" Line 161: Assignment to clkfbstopped_unused ignored, since the identifier is never used

Elaborating module <BUFG>.

Elaborating module <count2bit>.

Elaborating module <VController>.
WARNING:HDLCompiler:413 - "\\psf\home\Desktop\github\DigitalProject2\VGA\Controller\VController.v" Line 42: Result of 32-bit expression is truncated to fit in 1-bit target.
WARNING:HDLCompiler:413 - "\\psf\home\Desktop\github\DigitalProject2\VGA\Controller\VController.v" Line 55: Result of 32-bit expression is truncated to fit in 1-bit target.
WARNING:HDLCompiler:413 - "\\psf\home\Desktop\github\DigitalProject2\VGA\Controller\VController.v" Line 56: Result of 32-bit expression is truncated to fit in 1-bit target.
WARNING:HDLCompiler:189 - "\\psf\home\Desktop\github\DigitalProject2\VGA\Controller\testBigMod.v" Line 63: Size mismatch in connection of port <hcount>. Formal port size is 10-bit while actual signal size is 1-bit.
WARNING:HDLCompiler:189 - "\\psf\home\Desktop\github\DigitalProject2\VGA\Controller\testBigMod.v" Line 64: Size mismatch in connection of port <vcount>. Formal port size is 10-bit while actual signal size is 1-bit.

Elaborating module <InterruptManager>.
WARNING:HDLCompiler:413 - "\\psf\home\Desktop\github\DigitalProject2\VGA\Controller\InterruptManager.v" Line 40: Result of 32-bit expression is truncated to fit in 6-bit target.
WARNING:HDLCompiler:413 - "\\psf\home\Desktop\github\DigitalProject2\VGA\Controller\InterruptManager.v" Line 42: Result of 32-bit expression is truncated to fit in 7-bit target.
WARNING:HDLCompiler:413 - "\\psf\home\Desktop\github\DigitalProject2\VGA\Controller\InterruptManager.v" Line 44: Result of 32-bit expression is truncated to fit in 7-bit target.

Elaborating module <screenS>.
WARNING:HDLCompiler:1499 - "\\psf\home\Desktop\github\DigitalProject2\VGA\Controller\ipcore_dir\screenS.v" Line 39: Empty module <screenS> remains a black box.
WARNING:HDLCompiler:189 - "\\psf\home\Desktop\github\DigitalProject2\VGA\Controller\testBigMod.v" Line 73: Size mismatch in connection of port <hcount>. Formal port size is 10-bit while actual signal size is 1-bit.
WARNING:HDLCompiler:189 - "\\psf\home\Desktop\github\DigitalProject2\VGA\Controller\testBigMod.v" Line 74: Size mismatch in connection of port <vcount>. Formal port size is 10-bit while actual signal size is 1-bit.
WARNING:HDLCompiler:189 - "\\psf\home\Desktop\github\DigitalProject2\VGA\Controller\testBigMod.v" Line 75: Size mismatch in connection of port <tselect>. Formal port size is 4-bit while actual signal size is 1-bit.

Elaborating module <ColorSelector>.

Elaborating module <tilesetS>.
WARNING:HDLCompiler:1499 - "\\psf\home\Desktop\github\DigitalProject2\VGA\Controller\ipcore_dir\tilesetS.v" Line 39: Empty module <tilesetS> remains a black box.
WARNING:HDLCompiler:189 - "\\psf\home\Desktop\github\DigitalProject2\VGA\Controller\testBigMod.v" Line 82: Size mismatch in connection of port <hcount>. Formal port size is 10-bit while actual signal size is 1-bit.
WARNING:HDLCompiler:189 - "\\psf\home\Desktop\github\DigitalProject2\VGA\Controller\testBigMod.v" Line 83: Size mismatch in connection of port <vcount>. Formal port size is 10-bit while actual signal size is 1-bit.
WARNING:HDLCompiler:189 - "\\psf\home\Desktop\github\DigitalProject2\VGA\Controller\testBigMod.v" Line 84: Size mismatch in connection of port <tselect>. Formal port size is 4-bit while actual signal size is 1-bit.
WARNING:HDLCompiler:634 - "\\psf\home\Desktop\github\DigitalProject2\VGA\Controller\testBigMod.v" Line 58: Net <clkdiv> does not have a driver.
WARNING:Xst:2972 - "\\psf\home\Desktop\github\DigitalProject2\VGA\Controller\testBigMod.v" line 58. All outputs of instance <hi> of block <count2bit> are unconnected in block <testBigMod>. Underlying logic will be removed.

=========================================================================
*                           HDL Synthesis                               *
=========================================================================

Synthesizing Unit <testBigMod>.
    Related source file is "\\psf\home\Desktop\github\DigitalProject2\VGA\Controller\testBigMod.v".
INFO:Xst:3210 - "\\psf\home\Desktop\github\DigitalProject2\VGA\Controller\testBigMod.v" line 58: Output port <clkdiv> of the instance <hi> is unconnected or connected to loadless signal.
WARNING:Xst:653 - Signal <clkdiv> is used but never assigned. This sourceless signal will be automatically connected to value GND.
    Summary:
	no macro.
Unit <testBigMod> synthesized.

Synthesizing Unit <cccc>.
    Related source file is "\\psf\home\Desktop\github\DigitalProject2\VGA\Controller\ipcore_dir\cccc.v".
    Summary:
	no macro.
Unit <cccc> synthesized.

Synthesizing Unit <VController>.
    Related source file is "\\psf\home\Desktop\github\DigitalProject2\VGA\Controller\VController.v".
        hpixels = 10'b1100100000
        hbackporch = 10'b0010010000
        hfrontporch = 10'b1100010000
        hpulsewidth = 10'b0001100000
        vpixels = 10'b1000001001
        vbackporch = 10'b0000011111
        vfrontporch = 10'b0111111111
        vpulsewidth = 10'b0000000010
    Found 10-bit register for signal <vcount>.
    Found 10-bit register for signal <hcount>.
    Found 1-bit register for signal <flag>.
    Found 10-bit adder for signal <hcount[9]_GND_7_o_add_7_OUT> created at line 49.
    Found 10-bit adder for signal <vcount[9]_GND_7_o_add_17_OUT> created at line 73.
    Found 10-bit comparator greater for signal <hcount[9]_PWR_7_o_LessThan_1_o> created at line 42
    Found 10-bit comparator greater for signal <GND_7_o_hcount[9]_LessThan_2_o> created at line 42
    Found 10-bit comparator greater for signal <vcount[9]_GND_7_o_LessThan_3_o> created at line 42
    Found 10-bit comparator greater for signal <GND_7_o_vcount[9]_LessThan_4_o> created at line 42
    Found 10-bit comparator greater for signal <hcount[9]_PWR_7_o_LessThan_7_o> created at line 48
    Found 10-bit comparator greater for signal <hcount[9]_GND_7_o_LessThan_11_o> created at line 55
    Found 10-bit comparator greater for signal <vcount[9]_GND_7_o_LessThan_13_o> created at line 56
    Found 10-bit comparator greater for signal <vcount[9]_PWR_7_o_LessThan_17_o> created at line 72
    Summary:
	inferred   2 Adder/Subtractor(s).
	inferred  21 D-type flip-flop(s).
	inferred   8 Comparator(s).
	inferred   1 Multiplexer(s).
Unit <VController> synthesized.

Synthesizing Unit <InterruptManager>.
    Related source file is "\\psf\home\Desktop\github\DigitalProject2\VGA\Controller\InterruptManager.v".
        hleft = 10'b0010010000
        vtop = 10'b0000011111
    Found 4-bit register for signal <tselect>.
    Found 11-bit subtractor for signal <n0022> created at line 40.
    Found 11-bit subtractor for signal <n0023> created at line 42.
    Found 8-bit adder for signal <n0037> created at line 63.
    Found 8-bit adder for signal <n0039> created at line 64.
    Found 8-bit adder for signal <n0041> created at line 65.
    Found 1-bit 128-to-1 multiplexer for signal <hselect[6]_line[127]_Mux_6_o> created at line 62.
    Found 1-bit 256-to-1 multiplexer for signal <BUS_0001_line[255]_Mux_8_o> created at line 63.
    Found 1-bit 256-to-1 multiplexer for signal <BUS_0002_line[255]_Mux_10_o> created at line 64.
    Found 1-bit 256-to-1 multiplexer for signal <BUS_0003_line[255]_Mux_12_o> created at line 65.
    Found 10-bit comparator greater for signal <GND_8_o_hcount[9]_LessThan_6_o> created at line 60
    Summary:
	inferred   5 Adder/Subtractor(s).
	inferred   4 D-type flip-flop(s).
	inferred   1 Comparator(s).
	inferred   7 Multiplexer(s).
Unit <InterruptManager> synthesized.

Synthesizing Unit <ColorSelector>.
    Related source file is "\\psf\home\Desktop\github\DigitalProject2\VGA\Controller\ColorSelector.v".
        hleft = 10'b0010010000
        vtop = 10'b0000011111
    Found 11-bit subtractor for signal <GND_10_o_GND_10_o_sub_1_OUT> created at line 48.
    Found 11-bit subtractor for signal <GND_10_o_GND_10_o_sub_3_OUT> created at line 48.
    Found 32-bit adder for signal <GND_10_o_GND_10_o_add_4_OUT> created at line 48.
    Found 32-bit adder for signal <n0040> created at line 63.
    Found 32-bit adder for signal <n0041> created at line 64.
    Found 32-bit adder for signal <n0042> created at line 66.
    Found 32-bit adder for signal <n0043> created at line 67.
    Found 32-bit adder for signal <n0044> created at line 68.
    Found 32-bit adder for signal <n0045> created at line 70.
    Found 32-bit adder for signal <n0046> created at line 71.
    Found 1-bit 512-to-1 multiplexer for signal <add[8]_line[511]_Mux_6_o> created at line 62.
    Found 1-bit 512-to-1 multiplexer for signal <add[31]_line[511]_Mux_8_o> created at line 63.
    Found 1-bit 512-to-1 multiplexer for signal <add[31]_line[511]_Mux_10_o> created at line 64.
    Found 1-bit 512-to-1 multiplexer for signal <add[31]_line[511]_Mux_12_o> created at line 66.
    Found 1-bit 512-to-1 multiplexer for signal <add[31]_line[511]_Mux_14_o> created at line 67.
    Found 1-bit 512-to-1 multiplexer for signal <add[31]_line[511]_Mux_16_o> created at line 68.
    Found 1-bit 512-to-1 multiplexer for signal <add[31]_line[511]_Mux_18_o> created at line 70.
    Found 1-bit 512-to-1 multiplexer for signal <add[31]_line[511]_Mux_20_o> created at line 71.
    Summary:
	inferred  10 Adder/Subtractor(s).
	inferred  15 Multiplexer(s).
Unit <ColorSelector> synthesized.

=========================================================================
HDL Synthesis Report

Macro Statistics
# Adders/Subtractors                                   : 17
 10-bit adder                                          : 2
 11-bit subtractor                                     : 4
 32-bit adder                                          : 8
 8-bit adder                                           : 3
# Registers                                            : 4
 1-bit register                                        : 1
 10-bit register                                       : 2
 4-bit register                                        : 1
# Comparators                                          : 9
 10-bit comparator greater                             : 9
# Multiplexers                                         : 23
 1-bit 128-to-1 multiplexer                            : 1
 1-bit 256-to-1 multiplexer                            : 3
 1-bit 512-to-1 multiplexer                            : 8
 10-bit 2-to-1 multiplexer                             : 1
 2-bit 2-to-1 multiplexer                              : 2
 3-bit 2-to-1 multiplexer                              : 4
 32-bit 2-to-1 multiplexer                             : 4

=========================================================================

=========================================================================
*                       Advanced HDL Synthesis                          *
=========================================================================

Reading core <ipcore_dir/screenS.ngc>.
Reading core <ipcore_dir/tilesetS.ngc>.
Loading core <screenS> for timing and area information for instance <screen>.
Loading core <tilesetS> for timing and area information for instance <tts>.
WARNING:Xst:1710 - FF/Latch <tselect_0> (without init value) has a constant value of 0 in block <inter>. This FF/Latch will be trimmed during the optimization process.
WARNING:Xst:1710 - FF/Latch <hcount_9> (without init value) has a constant value of 0 in block <cont>. This FF/Latch will be trimmed during the optimization process.
WARNING:Xst:1710 - FF/Latch <hcount_8> (without init value) has a constant value of 0 in block <cont>. This FF/Latch will be trimmed during the optimization process.
WARNING:Xst:1710 - FF/Latch <hcount_7> (without init value) has a constant value of 0 in block <cont>. This FF/Latch will be trimmed during the optimization process.
WARNING:Xst:1710 - FF/Latch <hcount_6> (without init value) has a constant value of 0 in block <cont>. This FF/Latch will be trimmed during the optimization process.
WARNING:Xst:1710 - FF/Latch <hcount_5> (without init value) has a constant value of 0 in block <cont>. This FF/Latch will be trimmed during the optimization process.
WARNING:Xst:1710 - FF/Latch <hcount_4> (without init value) has a constant value of 0 in block <cont>. This FF/Latch will be trimmed during the optimization process.
WARNING:Xst:1710 - FF/Latch <hcount_3> (without init value) has a constant value of 0 in block <cont>. This FF/Latch will be trimmed during the optimization process.
WARNING:Xst:1710 - FF/Latch <hcount_2> (without init value) has a constant value of 0 in block <cont>. This FF/Latch will be trimmed during the optimization process.
WARNING:Xst:1710 - FF/Latch <hcount_1> (without init value) has a constant value of 0 in block <cont>. This FF/Latch will be trimmed during the optimization process.
WARNING:Xst:1710 - FF/Latch <hcount_0> (without init value) has a constant value of 0 in block <cont>. This FF/Latch will be trimmed during the optimization process.
WARNING:Xst:1710 - FF/Latch <vcount_9> (without init value) has a constant value of 0 in block <cont>. This FF/Latch will be trimmed during the optimization process.
WARNING:Xst:1710 - FF/Latch <vcount_8> (without init value) has a constant value of 0 in block <cont>. This FF/Latch will be trimmed during the optimization process.
WARNING:Xst:1710 - FF/Latch <vcount_7> (without init value) has a constant value of 0 in block <cont>. This FF/Latch will be trimmed during the optimization process.
WARNING:Xst:1710 - FF/Latch <vcount_6> (without init value) has a constant value of 0 in block <cont>. This FF/Latch will be trimmed during the optimization process.
WARNING:Xst:1710 - FF/Latch <vcount_5> (without init value) has a constant value of 0 in block <cont>. This FF/Latch will be trimmed during the optimization process.
WARNING:Xst:1710 - FF/Latch <vcount_4> (without init value) has a constant value of 0 in block <cont>. This FF/Latch will be trimmed during the optimization process.
WARNING:Xst:1710 - FF/Latch <vcount_3> (without init value) has a constant value of 0 in block <cont>. This FF/Latch will be trimmed during the optimization process.
WARNING:Xst:1710 - FF/Latch <vcount_2> (without init value) has a constant value of 0 in block <cont>. This FF/Latch will be trimmed during the optimization process.
WARNING:Xst:1710 - FF/Latch <vcount_1> (without init value) has a constant value of 0 in block <cont>. This FF/Latch will be trimmed during the optimization process.
WARNING:Xst:1710 - FF/Latch <vcount_0> (without init value) has a constant value of 0 in block <cont>. This FF/Latch will be trimmed during the optimization process.
WARNING:Xst:1710 - FF/Latch <flag> (without init value) has a constant value of 0 in block <cont>. This FF/Latch will be trimmed during the optimization process.
WARNING:Xst:2677 - Node <tselect_1> of sequential type is unconnected in block <inter>.
WARNING:Xst:2677 - Node <tselect_2> of sequential type is unconnected in block <inter>.
WARNING:Xst:2677 - Node <tselect_3> of sequential type is unconnected in block <inter>.

Synthesizing (advanced) Unit <VController>.
The following registers are absorbed into counter <hcount>: 1 register on signal <hcount>.
The following registers are absorbed into counter <vcount>: 1 register on signal <vcount>.
Unit <VController> synthesized (advanced).

=========================================================================
Advanced HDL Synthesis Report

Macro Statistics
# Adders/Subtractors                                   : 15
 11-bit subtractor                                     : 2
 3-bit subtractor                                      : 2
 32-bit adder                                          : 1
 8-bit adder                                           : 3
 9-bit adder                                           : 7
# Counters                                             : 2
 10-bit up counter                                     : 2
# Registers                                            : 5
 Flip-Flops                                            : 5
# Comparators                                          : 9
 10-bit comparator greater                             : 9
# Multiplexers                                         : 22
 1-bit 128-to-1 multiplexer                            : 1
 1-bit 256-to-1 multiplexer                            : 3
 1-bit 512-to-1 multiplexer                            : 8
 2-bit 2-to-1 multiplexer                              : 2
 3-bit 2-to-1 multiplexer                              : 4
 32-bit 2-to-1 multiplexer                             : 4

=========================================================================

=========================================================================
*                         Low Level Synthesis                           *
=========================================================================
WARNING:Xst:1710 - FF/Latch <flag> (without init value) has a constant value of 0 in block <VController>. This FF/Latch will be trimmed during the optimization process.
WARNING:Xst:1710 - FF/Latch <tselect_0> (without init value) has a constant value of 0 in block <InterruptManager>. This FF/Latch will be trimmed during the optimization process.
WARNING:Xst:1895 - Due to other FF/Latch trimming, FF/Latch <tselect_1> (without init value) has a constant value of 0 in block <InterruptManager>. This FF/Latch will be trimmed during the optimization process.
WARNING:Xst:1895 - Due to other FF/Latch trimming, FF/Latch <tselect_2> (without init value) has a constant value of 0 in block <InterruptManager>. This FF/Latch will be trimmed during the optimization process.
WARNING:Xst:1895 - Due to other FF/Latch trimming, FF/Latch <tselect_3> (without init value) has a constant value of 0 in block <InterruptManager>. This FF/Latch will be trimmed during the optimization process.
WARNING:Xst:1710 - FF/Latch <vcount_9> (without init value) has a constant value of 0 in block <VController>. This FF/Latch will be trimmed during the optimization process.
WARNING:Xst:1895 - Due to other FF/Latch trimming, FF/Latch <vcount_8> (without init value) has a constant value of 0 in block <VController>. This FF/Latch will be trimmed during the optimization process.
WARNING:Xst:1895 - Due to other FF/Latch trimming, FF/Latch <vcount_7> (without init value) has a constant value of 0 in block <VController>. This FF/Latch will be trimmed during the optimization process.
WARNING:Xst:1895 - Due to other FF/Latch trimming, FF/Latch <vcount_6> (without init value) has a constant value of 0 in block <VController>. This FF/Latch will be trimmed during the optimization process.
WARNING:Xst:1895 - Due to other FF/Latch trimming, FF/Latch <vcount_5> (without init value) has a constant value of 0 in block <VController>. This FF/Latch will be trimmed during the optimization process.
WARNING:Xst:1895 - Due to other FF/Latch trimming, FF/Latch <vcount_4> (without init value) has a constant value of 0 in block <VController>. This FF/Latch will be trimmed during the optimization process.
WARNING:Xst:1895 - Due to other FF/Latch trimming, FF/Latch <vcount_3> (without init value) has a constant value of 0 in block <VController>. This FF/Latch will be trimmed during the optimization process.
WARNING:Xst:1895 - Due to other FF/Latch trimming, FF/Latch <vcount_2> (without init value) has a constant value of 0 in block <VController>. This FF/Latch will be trimmed during the optimization process.
WARNING:Xst:1895 - Due to other FF/Latch trimming, FF/Latch <vcount_1> (without init value) has a constant value of 0 in block <VController>. This FF/Latch will be trimmed during the optimization process.
WARNING:Xst:1895 - Due to other FF/Latch trimming, FF/Latch <vcount_0> (without init value) has a constant value of 0 in block <VController>. This FF/Latch will be trimmed during the optimization process.
WARNING:Xst:1895 - Due to other FF/Latch trimming, FF/Latch <hcount_9> (without init value) has a constant value of 0 in block <VController>. This FF/Latch will be trimmed during the optimization process.
WARNING:Xst:1895 - Due to other FF/Latch trimming, FF/Latch <hcount_8> (without init value) has a constant value of 0 in block <VController>. This FF/Latch will be trimmed during the optimization process.
WARNING:Xst:1895 - Due to other FF/Latch trimming, FF/Latch <hcount_7> (without init value) has a constant value of 0 in block <VController>. This FF/Latch will be trimmed during the optimization process.
WARNING:Xst:1895 - Due to other FF/Latch trimming, FF/Latch <hcount_6> (without init value) has a constant value of 0 in block <VController>. This FF/Latch will be trimmed during the optimization process.
WARNING:Xst:1895 - Due to other FF/Latch trimming, FF/Latch <hcount_5> (without init value) has a constant value of 0 in block <VController>. This FF/Latch will be trimmed during the optimization process.
WARNING:Xst:1895 - Due to other FF/Latch trimming, FF/Latch <hcount_4> (without init value) has a constant value of 0 in block <VController>. This FF/Latch will be trimmed during the optimization process.
WARNING:Xst:1895 - Due to other FF/Latch trimming, FF/Latch <hcount_3> (without init value) has a constant value of 0 in block <VController>. This FF/Latch will be trimmed during the optimization process.
WARNING:Xst:1895 - Due to other FF/Latch trimming, FF/Latch <hcount_2> (without init value) has a constant value of 0 in block <VController>. This FF/Latch will be trimmed during the optimization process.
WARNING:Xst:1895 - Due to other FF/Latch trimming, FF/Latch <hcount_1> (without init value) has a constant value of 0 in block <VController>. This FF/Latch will be trimmed during the optimization process.
WARNING:Xst:1895 - Due to other FF/Latch trimming, FF/Latch <hcount_0> (without init value) has a constant value of 0 in block <VController>. This FF/Latch will be trimmed during the optimization process.

Optimizing unit <testBigMod> ...

Optimizing unit <ColorSelector> ...

Mapping all equations...
Building and optimizing final netlist ...
Found area constraint ratio of 100 (+ 5) on block testBigMod, actual ratio is 0.

Final Macro Processing ...

=========================================================================
Final Register Report

Found no macro
=========================================================================

=========================================================================
*                           Partition Report                            *
=========================================================================

Partition Implementation Status
-------------------------------

  No Partitions were found in this design.

-------------------------------

=========================================================================
*                            Design Summary                             *
=========================================================================

Top Level Output File Name         : testBigMod.ngc

Primitive and Black Box Usage:
------------------------------
# BELS                             : 6
#      GND                         : 3
#      VCC                         : 3
# RAMS                             : 13
#      RAMB18E1                    : 2
#      RAMB36E1                    : 11
# Clock Buffers                    : 2
#      BUFG                        : 2
# IO Buffers                       : 12
#      IBUF                        : 1
#      IBUFG                       : 1
#      OBUF                        : 10
# Others                           : 1
#      MMCME2_ADV                  : 1

Device utilization summary:
---------------------------

Selected Device : 7a100tcsg324-2 


Slice Logic Utilization: 

Slice Logic Distribution: 
 Number of LUT Flip Flop pairs used:      0
   Number with an unused Flip Flop:       0  out of      0         
   Number with an unused LUT:             0  out of      0         
   Number of fully used LUT-FF pairs:     0  out of      0         
   Number of unique control sets:         0

IO Utilization: 
 Number of IOs:                          16
 Number of bonded IOBs:                  12  out of    210     5%  

Specific Feature Utilization:
 Number of Block RAM/FIFO:               12  out of    135     8%  
    Number using Block RAM only:         12
 Number of BUFG/BUFGCTRLs:                2  out of     32     6%  

---------------------------
Partition Resource Summary:
---------------------------

  No Partitions were found in this design.

---------------------------


=========================================================================
Timing Report

NOTE: THESE TIMING NUMBERS ARE ONLY A SYNTHESIS ESTIMATE.
      FOR ACCURATE TIMING INFORMATION PLEASE REFER TO THE TRACE REPORT
      GENERATED AFTER PLACE-and-ROUTE.

Clock Information:
------------------
-----------------------------------+-------------------------------------------------------------------------------------------------------------------------------------------------+-------+
Clock Signal                       | Clock buffer(FF name)                                                                                                                           | Load  |
-----------------------------------+-------------------------------------------------------------------------------------------------------------------------------------------------+-------+
g_2_OBUF                           | NONE(inter/screen/U0/xst_blk_mem_generator/gnativebmg.native_blk_mem_gen/valid.cstr/ramloop[0].ram.r/v6_init.ram/NO_BMM_INFO.SP.WIDE_PRIM18.ram)| 13    |
-----------------------------------+-------------------------------------------------------------------------------------------------------------------------------------------------+-------+
INFO:Xst:2169 - HDL ADVISOR - Some clock signals were not automatically buffered by XST with BUFG/BUFR resources. Please use the buffer_type constraint in order to insert these buffers to the clock signals to help prevent skew problems.

Asynchronous Control Signals Information:
----------------------------------------
---------------------------------------+-------------------------------------------------------------------------------------------------------------------------------------------------+-------+
Control Signal                         | Buffer(FF name)                                                                                                                                 | Load  |
---------------------------------------+-------------------------------------------------------------------------------------------------------------------------------------------------+-------+
col/tts/N1(col/tts/XST_GND:G)          | NONE(col/tts/U0/xst_blk_mem_generator/gnativebmg.native_blk_mem_gen/valid.cstr/ramloop[2].ram.r/v6_init.ram/NO_BMM_INFO.SP.WIDE_PRIM36.ram)     | 14    |
inter/screen/N1(inter/screen/XST_GND:G)| NONE(inter/screen/U0/xst_blk_mem_generator/gnativebmg.native_blk_mem_gen/valid.cstr/ramloop[3].ram.r/v6_init.ram/NO_BMM_INFO.SP.WIDE_PRIM36.ram)| 8     |
---------------------------------------+-------------------------------------------------------------------------------------------------------------------------------------------------+-------+

Timing Summary:
---------------
Speed Grade: -2

   Minimum period: No path found
   Minimum input arrival time before clock: No path found
   Maximum output required time after clock: No path found
   Maximum combinational path delay: 0.001ns

Timing Details:
---------------
All values displayed in nanoseconds (ns)

=========================================================================
Timing constraint: Default path analysis
  Total number of paths / destination ports: 2 / 2
-------------------------------------------------------------------------
Delay:               0.001ns (Levels of Logic = 1)
  Source:            rst (PAD)
  Destination:       instance_name/mmcm_adv_inst:RST (PAD)

  Data Path: rst to instance_name/mmcm_adv_inst:RST
                                Gate     Net
    Cell:in->out      fanout   Delay   Delay  Logical Name (Net Name)
    ----------------------------------------  ------------
     IBUF:I->O             0   0.001   0.000  rst_IBUF (rst_IBUF)
    MMCME2_ADV:RST             0.000          instance_name/mmcm_adv_inst
    ----------------------------------------
    Total                      0.001ns (0.001ns logic, 0.000ns route)
                                       (100.0% logic, 0.0% route)

=========================================================================

Cross Clock Domains Report:
--------------------------

=========================================================================


Total REAL time to Xst completion: 18.00 secs
Total CPU time to Xst completion: 17.72 secs
 
--> 

Total memory usage is 442772 kilobytes

Number of errors   :    0 (   0 filtered)
Number of warnings :   87 (   0 filtered)
Number of infos    :    2 (   0 filtered)

