Release 14.2 - xst P.28xd (nt64)
Copyright (c) 1995-2012 Xilinx, Inc.  All rights reserved.
--> Parameter TMPDIR set to xst/projnav.tmp


Total REAL time to Xst completion: 0.00 secs
Total CPU time to Xst completion: 0.09 secs
 
--> Parameter xsthdpdir set to xst


Total REAL time to Xst completion: 0.00 secs
Total CPU time to Xst completion: 0.11 secs
 
--> Reading design: testBigMod.prj

TABLE OF CONTENTS
  1) Synthesis Options Summary
  2) HDL Parsing
  3) HDL Elaboration
  4) HDL Synthesis
       4.1) HDL Synthesis Report
  5) Advanced HDL Synthesis
       5.1) Advanced HDL Synthesis Report
  6) Low Level Synthesis
  7) Partition Report
  8) Design Summary
       8.1) Primitive and Black Box Usage
       8.2) Device utilization summary
       8.3) Partition Resource Summary
       8.4) Timing Report
            8.4.1) Clock Information
            8.4.2) Asynchronous Control Signals Information
            8.4.3) Timing Summary
            8.4.4) Timing Details
            8.4.5) Cross Clock Domains Report


=========================================================================
*                      Synthesis Options Summary                        *
=========================================================================
---- Source Parameters
Input File Name                    : "testBigMod.prj"
Ignore Synthesis Constraint File   : NO

---- Target Parameters
Output File Name                   : "testBigMod"
Output Format                      : NGC
Target Device                      : xc7a100t-3-csg324

---- Source Options
Top Module Name                    : testBigMod
Automatic FSM Extraction           : YES
FSM Encoding Algorithm             : Auto
Safe Implementation                : No
FSM Style                          : LUT
RAM Extraction                     : Yes
RAM Style                          : Auto
ROM Extraction                     : Yes
Shift Register Extraction          : YES
ROM Style                          : Auto
Resource Sharing                   : YES
Asynchronous To Synchronous        : NO
Shift Register Minimum Size        : 2
Use DSP Block                      : Auto
Automatic Register Balancing       : No

---- Target Options
LUT Combining                      : Auto
Reduce Control Sets                : Auto
Add IO Buffers                     : YES
Global Maximum Fanout              : 100000
Add Generic Clock Buffer(BUFG)     : 16
Register Duplication               : YES
Optimize Instantiated Primitives   : NO
Use Clock Enable                   : Auto
Use Synchronous Set                : Auto
Use Synchronous Reset              : Auto
Pack IO Registers into IOBs        : Auto
Equivalent register Removal        : YES

---- General Options
Optimization Goal                  : Speed
Optimization Effort                : 1
Power Reduction                    : NO
Keep Hierarchy                     : No
Netlist Hierarchy                  : As_Optimized
RTL Output                         : Yes
Global Optimization                : AllClockNets
Read Cores                         : YES
Write Timing Constraints           : NO
Cross Clock Analysis               : NO
Hierarchy Separator                : /
Bus Delimiter                      : <>
Case Specifier                     : Maintain
Slice Utilization Ratio            : 100
BRAM Utilization Ratio             : 100
DSP48 Utilization Ratio            : 100
Auto BRAM Packing                  : NO
Slice Utilization Ratio Delta      : 5

---- Other Options
Cores Search Directories           : {"ipcore_dir"  }

=========================================================================


=========================================================================
*                          HDL Parsing                                  *
=========================================================================
Analyzing Verilog file "\\psf\home\Desktop\github\DigitalProject2\VGA\Controller\ipcore_dir\cccc.v" into library work
Parsing module <cccc>.
Analyzing Verilog file "\\psf\home\Desktop\github\DigitalProject2\VGA\Controller\ipcore_dir\cccc\example_design\cccc_exdes.v" into library work
Parsing module <cccc_exdes>.
Analyzing Verilog file "\\psf\home\Desktop\github\DigitalProject2\VGA\Controller\ipcore_dir\Tiles.v" into library work
Parsing module <Tiles>.
Analyzing Verilog file "\\psf\home\Desktop\github\DigitalProject2\VGA\Controller\ipcore_dir\ScreenS.v" into library work
Parsing module <ScreenS>.
Analyzing Verilog file "\\psf\home\Desktop\github\DigitalProject2\VGA\Controller\VController.v" into library work
Parsing module <VController>.
Analyzing Verilog file "\\psf\home\Desktop\github\DigitalProject2\VGA\Controller\InterruptManager.v" into library work
Parsing module <InterruptManager>.
Analyzing Verilog file "\\psf\home\Desktop\github\DigitalProject2\VGA\Controller\count2bit.v" into library work
Parsing module <count2bit>.
Analyzing Verilog file "\\psf\home\Desktop\github\DigitalProject2\VGA\Controller\ColorSelector.v" into library work
Parsing module <ColorSelector>.
Analyzing Verilog file "\\psf\home\Desktop\github\DigitalProject2\VGA\Controller\testBigMod.v" into library work
Parsing module <testBigMod>.

=========================================================================
*                            HDL Elaboration                            *
=========================================================================

Elaborating module <testBigMod>.

Elaborating module <cccc>.

Elaborating module <IBUFG>.

Elaborating module <MMCME2_ADV(BANDWIDTH="OPTIMIZED",CLKOUT4_CASCADE="FALSE",COMPENSATION="ZHOLD",STARTUP_WAIT="FALSE",DIVCLK_DIVIDE=1,CLKFBOUT_MULT_F=10.0,CLKFBOUT_PHASE=0.0,CLKFBOUT_USE_FINE_PS="FALSE",CLKOUT0_DIVIDE_F=10.0,CLKOUT0_PHASE=0.0,CLKOUT0_DUTY_CYCLE=0.5,CLKOUT0_USE_FINE_PS="FALSE",CLKIN1_PERIOD=10.0,REF_JITTER1=0.01)>.
WARNING:HDLCompiler:1127 - "\\psf\home\Desktop\github\DigitalProject2\VGA\Controller\ipcore_dir\cccc.v" Line 127: Assignment to clkfboutb_unused ignored, since the identifier is never used
WARNING:HDLCompiler:1127 - "\\psf\home\Desktop\github\DigitalProject2\VGA\Controller\ipcore_dir\cccc.v" Line 129: Assignment to clkout0b_unused ignored, since the identifier is never used
WARNING:HDLCompiler:1127 - "\\psf\home\Desktop\github\DigitalProject2\VGA\Controller\ipcore_dir\cccc.v" Line 130: Assignment to clkout1_unused ignored, since the identifier is never used
WARNING:HDLCompiler:1127 - "\\psf\home\Desktop\github\DigitalProject2\VGA\Controller\ipcore_dir\cccc.v" Line 131: Assignment to clkout1b_unused ignored, since the identifier is never used
WARNING:HDLCompiler:1127 - "\\psf\home\Desktop\github\DigitalProject2\VGA\Controller\ipcore_dir\cccc.v" Line 132: Assignment to clkout2_unused ignored, since the identifier is never used
WARNING:HDLCompiler:1127 - "\\psf\home\Desktop\github\DigitalProject2\VGA\Controller\ipcore_dir\cccc.v" Line 133: Assignment to clkout2b_unused ignored, since the identifier is never used
WARNING:HDLCompiler:1127 - "\\psf\home\Desktop\github\DigitalProject2\VGA\Controller\ipcore_dir\cccc.v" Line 134: Assignment to clkout3_unused ignored, since the identifier is never used
WARNING:HDLCompiler:1127 - "\\psf\home\Desktop\github\DigitalProject2\VGA\Controller\ipcore_dir\cccc.v" Line 135: Assignment to clkout3b_unused ignored, since the identifier is never used
WARNING:HDLCompiler:1127 - "\\psf\home\Desktop\github\DigitalProject2\VGA\Controller\ipcore_dir\cccc.v" Line 136: Assignment to clkout4_unused ignored, since the identifier is never used
WARNING:HDLCompiler:1127 - "\\psf\home\Desktop\github\DigitalProject2\VGA\Controller\ipcore_dir\cccc.v" Line 137: Assignment to clkout5_unused ignored, since the identifier is never used
WARNING:HDLCompiler:1127 - "\\psf\home\Desktop\github\DigitalProject2\VGA\Controller\ipcore_dir\cccc.v" Line 138: Assignment to clkout6_unused ignored, since the identifier is never used
WARNING:HDLCompiler:1127 - "\\psf\home\Desktop\github\DigitalProject2\VGA\Controller\ipcore_dir\cccc.v" Line 150: Assignment to do_unused ignored, since the identifier is never used
WARNING:HDLCompiler:1127 - "\\psf\home\Desktop\github\DigitalProject2\VGA\Controller\ipcore_dir\cccc.v" Line 151: Assignment to drdy_unused ignored, since the identifier is never used
WARNING:HDLCompiler:1127 - "\\psf\home\Desktop\github\DigitalProject2\VGA\Controller\ipcore_dir\cccc.v" Line 157: Assignment to psdone_unused ignored, since the identifier is never used
WARNING:HDLCompiler:1127 - "\\psf\home\Desktop\github\DigitalProject2\VGA\Controller\ipcore_dir\cccc.v" Line 159: Assignment to locked_unused ignored, since the identifier is never used
WARNING:HDLCompiler:1127 - "\\psf\home\Desktop\github\DigitalProject2\VGA\Controller\ipcore_dir\cccc.v" Line 160: Assignment to clkinstopped_unused ignored, since the identifier is never used
WARNING:HDLCompiler:1127 - "\\psf\home\Desktop\github\DigitalProject2\VGA\Controller\ipcore_dir\cccc.v" Line 161: Assignment to clkfbstopped_unused ignored, since the identifier is never used

Elaborating module <BUFG>.

Elaborating module <count2bit>.

Elaborating module <VController>.

Elaborating module <InterruptManager>.
WARNING:HDLCompiler:413 - "\\psf\home\Desktop\github\DigitalProject2\VGA\Controller\InterruptManager.v" Line 39: Result of 10-bit expression is truncated to fit in 6-bit target.
WARNING:HDLCompiler:413 - "\\psf\home\Desktop\github\DigitalProject2\VGA\Controller\InterruptManager.v" Line 41: Result of 10-bit expression is truncated to fit in 7-bit target.

Elaborating module <ScreenS>.
WARNING:HDLCompiler:1499 - "\\psf\home\Desktop\github\DigitalProject2\VGA\Controller\ipcore_dir\ScreenS.v" Line 39: Empty module <ScreenS> remains a black box.

Elaborating module <ColorSelector>.

Elaborating module <Tiles>.
WARNING:HDLCompiler:1499 - "\\psf\home\Desktop\github\DigitalProject2\VGA\Controller\ipcore_dir\Tiles.v" Line 39: Empty module <Tiles> remains a black box.

=========================================================================
*                           HDL Synthesis                               *
=========================================================================

Synthesizing Unit <testBigMod>.
    Related source file is "\\psf\home\Desktop\github\DigitalProject2\VGA\Controller\testBigMod.v".
    Summary:
	no macro.
Unit <testBigMod> synthesized.

Synthesizing Unit <cccc>.
    Related source file is "\\psf\home\Desktop\github\DigitalProject2\VGA\Controller\ipcore_dir\cccc.v".
    Summary:
	no macro.
Unit <cccc> synthesized.

Synthesizing Unit <count2bit>.
    Related source file is "\\psf\home\Desktop\github\DigitalProject2\VGA\Controller\count2bit.v".
    Found 1-bit register for signal <clkdiv>.
    Found 1-bit register for signal <out>.
    Found 1-bit adder for signal <out_PWR_6_o_add_1_OUT<0>> created at line 34.
    Summary:
	inferred   1 Adder/Subtractor(s).
	inferred   2 D-type flip-flop(s).
	inferred   1 Multiplexer(s).
Unit <count2bit> synthesized.

Synthesizing Unit <VController>.
    Related source file is "\\psf\home\Desktop\github\DigitalProject2\VGA\Controller\VController.v".
        hpixels = 10'b1100100000
        hbackporch = 10'b0010010000
        hfrontporch = 10'b1100010000
        hpulsewidth = 10'b0001100000
        vpixels = 10'b1000001001
        vbackporch = 10'b0000011111
        vfrontporch = 10'b0111111111
        vpulsewidth = 10'b0000000010
    Found 10-bit register for signal <hcount>.
    Found 10-bit register for signal <vcount>.
    Found 10-bit adder for signal <hcount[9]_GND_7_o_add_8_OUT> created at line 54.
    Found 10-bit adder for signal <vcount[9]_GND_7_o_add_10_OUT> created at line 58.
    Found 10-bit comparator greater for signal <hcount[9]_PWR_7_o_LessThan_3_o> created at line 47
    Found 10-bit comparator greater for signal <GND_7_o_hcount[9]_LessThan_4_o> created at line 47
    Found 10-bit comparator lessequal for signal <n0005> created at line 47
    Found 10-bit comparator greater for signal <GND_7_o_vcount[9]_LessThan_6_o> created at line 47
    Found 10-bit comparator greater for signal <hcount[9]_PWR_7_o_LessThan_8_o> created at line 53
    Found 10-bit comparator lessequal for signal <vcount[9]_PWR_7_o_LessThan_10_o> created at line 57
    Found 10-bit comparator lessequal for signal <hc[9]_GND_7_o_LessThan_18_o> created at line 64
    Found 10-bit comparator lessequal for signal <vc[9]_GND_7_o_LessThan_19_o> created at line 65
    Summary:
	inferred   2 Adder/Subtractor(s).
	inferred  20 D-type flip-flop(s).
	inferred   8 Comparator(s).
	inferred   1 Multiplexer(s).
Unit <VController> synthesized.

Synthesizing Unit <InterruptManager>.
    Related source file is "\\psf\home\Desktop\github\DigitalProject2\VGA\Controller\InterruptManager.v".
        hleft = 10'b0010010000
        vtop = 10'b0000011111
    Found 8-bit adder for signal <n0033> created at line 56.
    Found 8-bit adder for signal <n0035> created at line 57.
    Found 8-bit adder for signal <n0037> created at line 58.
    Found 10-bit subtractor for signal <n0024> created at line 41.
    Found 10-bit subtractor for signal <n0022> created at line 39.
    Found 1-bit 128-to-1 multiplexer for signal <tselect<0>> created at line 55.
    Found 1-bit 256-to-1 multiplexer for signal <tselect<1>> created at line 56.
    Found 1-bit 256-to-1 multiplexer for signal <tselect<2>> created at line 57.
    Found 1-bit 256-to-1 multiplexer for signal <tselect<3>> created at line 58.
    Summary:
	inferred   5 Adder/Subtractor(s).
	inferred   7 Multiplexer(s).
Unit <InterruptManager> synthesized.

Synthesizing Unit <ColorSelector>.
    Related source file is "\\psf\home\Desktop\github\DigitalProject2\VGA\Controller\ColorSelector.v".
        hleft = 10'b0010010000
        vtop = 10'b0000011111
    Found 11-bit subtractor for signal <GND_10_o_GND_10_o_sub_1_OUT> created at line 47.
    Found 32-bit subtractor for signal <GND_10_o_GND_10_o_sub_2_OUT> created at line 47.
    Found 11-bit subtractor for signal <GND_10_o_GND_10_o_sub_4_OUT> created at line 47.
    Found 32-bit subtractor for signal <GND_10_o_GND_10_o_sub_5_OUT> created at line 47.
    Found 32-bit adder for signal <GND_10_o_GND_10_o_add_6_OUT> created at line 47.
    Found 32-bit adder for signal <n0035> created at line 50.
    Found 32-bit adder for signal <n0036> created at line 51.
    Found 32-bit adder for signal <n0037> created at line 53.
    Found 32-bit adder for signal <n0038> created at line 54.
    Found 32-bit adder for signal <n0039> created at line 55.
    Found 32-bit adder for signal <n0040> created at line 57.
    Found 32-bit adder for signal <n0041> created at line 58.
    Found 1-bit 512-to-1 multiplexer for signal <R<0>> created at line 49.
    Found 1-bit 512-to-1 multiplexer for signal <R<1>> created at line 50.
    Found 1-bit 512-to-1 multiplexer for signal <R<2>> created at line 51.
    Found 1-bit 512-to-1 multiplexer for signal <G<0>> created at line 53.
    Found 1-bit 512-to-1 multiplexer for signal <G<1>> created at line 54.
    Found 1-bit 512-to-1 multiplexer for signal <G<2>> created at line 55.
    Found 1-bit 512-to-1 multiplexer for signal <B<0>> created at line 57.
    Found 1-bit 512-to-1 multiplexer for signal <B<1>> created at line 58.
    Summary:
	inferred  12 Adder/Subtractor(s).
	inferred   9 Multiplexer(s).
Unit <ColorSelector> synthesized.

=========================================================================
HDL Synthesis Report

Macro Statistics
# Adders/Subtractors                                   : 20
 1-bit adder                                           : 1
 10-bit adder                                          : 2
 10-bit subtractor                                     : 2
 11-bit subtractor                                     : 2
 32-bit adder                                          : 8
 32-bit subtractor                                     : 2
 8-bit adder                                           : 3
# Registers                                            : 4
 1-bit register                                        : 2
 10-bit register                                       : 2
# Comparators                                          : 8
 10-bit comparator greater                             : 4
 10-bit comparator lessequal                           : 4
# Multiplexers                                         : 18
 1-bit 128-to-1 multiplexer                            : 1
 1-bit 2-to-1 multiplexer                              : 1
 1-bit 256-to-1 multiplexer                            : 3
 1-bit 512-to-1 multiplexer                            : 8
 10-bit 2-to-1 multiplexer                             : 3
 32-bit 2-to-1 multiplexer                             : 1
 7-bit 2-to-1 multiplexer                              : 1

=========================================================================

=========================================================================
*                       Advanced HDL Synthesis                          *
=========================================================================

Reading core <ipcore_dir/Tiles.ngc>.
Reading core <ipcore_dir/ScreenS.ngc>.
Loading core <Tiles> for timing and area information for instance <tts>.
Loading core <ScreenS> for timing and area information for instance <screen>.

Synthesizing (advanced) Unit <VController>.
The following registers are absorbed into counter <hcount>: 1 register on signal <hcount>.
The following registers are absorbed into counter <vcount>: 1 register on signal <vcount>.
Unit <VController> synthesized (advanced).

=========================================================================
Advanced HDL Synthesis Report

Macro Statistics
# Adders/Subtractors                                   : 16
 1-bit adder                                           : 1
 10-bit subtractor                                     : 2
 3-bit subtractor borrow in                            : 2
 32-bit adder                                          : 1
 8-bit adder                                           : 3
 9-bit adder                                           : 7
# Counters                                             : 2
 10-bit up counter                                     : 2
# Registers                                            : 2
 Flip-Flops                                            : 2
# Comparators                                          : 8
 10-bit comparator greater                             : 4
 10-bit comparator lessequal                           : 4
# Multiplexers                                         : 16
 1-bit 128-to-1 multiplexer                            : 1
 1-bit 256-to-1 multiplexer                            : 3
 1-bit 512-to-1 multiplexer                            : 8
 10-bit 2-to-1 multiplexer                             : 2
 32-bit 2-to-1 multiplexer                             : 1
 7-bit 2-to-1 multiplexer                              : 1

=========================================================================

=========================================================================
*                         Low Level Synthesis                           *
=========================================================================

Optimizing unit <testBigMod> ...

Optimizing unit <VController> ...

Optimizing unit <ColorSelector> ...

Optimizing unit <InterruptManager> ...

Mapping all equations...
Building and optimizing final netlist ...
Found area constraint ratio of 100 (+ 5) on block testBigMod, actual ratio is 0.

Final Macro Processing ...

=========================================================================
Final Register Report

Macro Statistics
# Registers                                            : 22
 Flip-Flops                                            : 22

=========================================================================

=========================================================================
*                           Partition Report                            *
=========================================================================

Partition Implementation Status
-------------------------------

  No Partitions were found in this design.

-------------------------------

=========================================================================
*                            Design Summary                             *
=========================================================================

Top Level Output File Name         : testBigMod.ngc

Primitive and Black Box Usage:
------------------------------
# BELS                             : 313
#      GND                         : 3
#      INV                         : 3
#      LUT1                        : 9
#      LUT2                        : 11
#      LUT3                        : 9
#      LUT4                        : 5
#      LUT5                        : 7
#      LUT6                        : 220
#      MUXCY                       : 18
#      MUXF7                       : 5
#      VCC                         : 3
#      XORCY                       : 20
# FlipFlops/Latches                : 22
#      FDC                         : 11
#      FDCE                        : 1
#      FDRE                        : 10
# RAMS                             : 13
#      RAMB18E1                    : 2
#      RAMB36E1                    : 11
# Clock Buffers                    : 3
#      BUFG                        : 3
# IO Buffers                       : 16
#      IBUF                        : 1
#      IBUFG                       : 1
#      OBUF                        : 14
# Others                           : 1
#      MMCME2_ADV                  : 1

Device utilization summary:
---------------------------

Selected Device : 7a100tcsg324-3 


Slice Logic Utilization: 
 Number of Slice Registers:              22  out of  126800     0%  
 Number of Slice LUTs:                  264  out of  63400     0%  
    Number used as Logic:               264  out of  63400     0%  

Slice Logic Distribution: 
 Number of LUT Flip Flop pairs used:    264
   Number with an unused Flip Flop:     242  out of    264    91%  
   Number with an unused LUT:             0  out of    264     0%  
   Number of fully used LUT-FF pairs:    22  out of    264     8%  
   Number of unique control sets:         4

IO Utilization: 
 Number of IOs:                          16
 Number of bonded IOBs:                  16  out of    210     7%  

Specific Feature Utilization:
 Number of Block RAM/FIFO:               12  out of    135     8%  
    Number using Block RAM only:         12
 Number of BUFG/BUFGCTRLs:                3  out of     32     9%  

---------------------------
Partition Resource Summary:
---------------------------

  No Partitions were found in this design.

---------------------------


=========================================================================
Timing Report

NOTE: THESE TIMING NUMBERS ARE ONLY A SYNTHESIS ESTIMATE.
      FOR ACCURATE TIMING INFORMATION PLEASE REFER TO THE TRACE REPORT
      GENERATED AFTER PLACE-and-ROUTE.

Clock Information:
------------------
-----------------------------------+------------------------+-------+
Clock Signal                       | Clock buffer(FF name)  | Load  |
-----------------------------------+------------------------+-------+
instance_name/clkout0              | BUFG                   | 2     |
hi/clkdiv                          | BUFG                   | 33    |
-----------------------------------+------------------------+-------+

Asynchronous Control Signals Information:
----------------------------------------
---------------------------------------+-------------------------------------------------------------------------------------------------------------------------------------------------+-------+
Control Signal                         | Buffer(FF name)                                                                                                                                 | Load  |
---------------------------------------+-------------------------------------------------------------------------------------------------------------------------------------------------+-------+
col/tts/N1(col/tts/XST_GND:G)          | NONE(col/tts/U0/xst_blk_mem_generator/gnativebmg.native_blk_mem_gen/valid.cstr/ramloop[4].ram.r/v6_init.ram/NO_BMM_INFO.SP.WIDE_PRIM36.ram)     | 14    |
inter/screen/N1(inter/screen/XST_GND:G)| NONE(inter/screen/U0/xst_blk_mem_generator/gnativebmg.native_blk_mem_gen/valid.cstr/ramloop[3].ram.r/v6_init.ram/NO_BMM_INFO.SP.WIDE_PRIM36.ram)| 8     |
---------------------------------------+-------------------------------------------------------------------------------------------------------------------------------------------------+-------+

Timing Summary:
---------------
Speed Grade: -3

   Minimum period: 4.578ns (Maximum Frequency: 218.456MHz)
   Minimum input arrival time before clock: 1.510ns
   Maximum output required time after clock: 5.285ns
   Maximum combinational path delay: 0.340ns

Timing Details:
---------------
All values displayed in nanoseconds (ns)

=========================================================================
Timing constraint: Default period analysis for Clock 'instance_name/clkout0'
  Clock period: 1.132ns (frequency: 883.548MHz)
  Total number of paths / destination ports: 3 / 3
-------------------------------------------------------------------------
Delay:               1.132ns (Levels of Logic = 1)
  Source:            hi/out (FF)
  Destination:       hi/clkdiv (FF)
  Source Clock:      instance_name/clkout0 rising
  Destination Clock: instance_name/clkout0 rising

  Data Path: hi/out to hi/clkdiv
                                Gate     Net
    Cell:in->out      fanout   Delay   Delay  Logical Name (Net Name)
    ----------------------------------------  ------------
     FDC:C->Q              1   0.361   0.279  hi/out (hi/out)
     INV:I->O              2   0.113   0.283  hi/out_inv1_INV_0 (hi/out_inv)
     FDCE:CE                   0.095          hi/clkdiv
    ----------------------------------------
    Total                      1.132ns (0.569ns logic, 0.563ns route)
                                       (50.3% logic, 49.7% route)

=========================================================================
Timing constraint: Default period analysis for Clock 'hi/clkdiv'
  Clock period: 4.578ns (frequency: 218.456MHz)
  Total number of paths / destination ports: 5934 / 60
-------------------------------------------------------------------------
Delay:               4.578ns (Levels of Logic = 7)
  Source:            cont/hcount_9 (FF)
  Destination:       col/tts/U0/xst_blk_mem_generator/gnativebmg.native_blk_mem_gen/valid.cstr/ramloop[0].ram.r/v6_init.ram/NO_BMM_INFO.SP.WIDE_PRIM18.ram (RAM)
  Source Clock:      hi/clkdiv rising
  Destination Clock: hi/clkdiv rising

  Data Path: cont/hcount_9 to col/tts/U0/xst_blk_mem_generator/gnativebmg.native_blk_mem_gen/valid.cstr/ramloop[0].ram.r/v6_init.ram/NO_BMM_INFO.SP.WIDE_PRIM18.ram
                                Gate     Net
    Cell:in->out      fanout   Delay   Delay  Logical Name (Net Name)
    ----------------------------------------  ------------
     FDC:C->Q              5   0.361   0.712  cont/hcount_9 (cont/hcount_9)
     LUT6:I0->O            6   0.097   0.534  cont/bright5_SW0 (N21)
     LUT5:I2->O           18   0.097   0.374  cont/bright5 (bright)
     LUT5:I4->O           32   0.097   0.486  inter/Mmux_hselect11 (inter/hselect<2>)
     LUT6:I4->O            1   0.097   0.556  inter/Mmux_tselect<2>_81 (inter/Mmux_tselect<2>_81)
     LUT6:I2->O            1   0.097   0.000  inter/Mmux_tselect<2>_3 (inter/Mmux_tselect<2>_3)
     MUXF7:I1->O          16   0.279   0.348  inter/Mmux_tselect<2>_2_f7 (tselect<2>)
     begin scope: 'col/tts:addra<2>'
     RAMB18E1:ADDRARDADDR7        0.442          U0/xst_blk_mem_generator/gnativebmg.native_blk_mem_gen/valid.cstr/ramloop[0].ram.r/v6_init.ram/NO_BMM_INFO.SP.WIDE_PRIM18.ram
    ----------------------------------------
    Total                      4.578ns (1.567ns logic, 3.011ns route)
                                       (34.2% logic, 65.8% route)

=========================================================================
Timing constraint: Default OFFSET IN BEFORE for Clock 'instance_name/clkout0'
  Total number of paths / destination ports: 2 / 2
-------------------------------------------------------------------------
Offset:              0.689ns (Levels of Logic = 1)
  Source:            rst (PAD)
  Destination:       hi/clkdiv (FF)
  Destination Clock: instance_name/clkout0 rising

  Data Path: rst to hi/clkdiv
                                Gate     Net
    Cell:in->out      fanout   Delay   Delay  Logical Name (Net Name)
    ----------------------------------------  ------------
     IBUF:I->O            14   0.001   0.339  rst_IBUF (rst_IBUF)
     FDC:CLR                   0.349          hi/out
    ----------------------------------------
    Total                      0.689ns (0.350ns logic, 0.339ns route)
                                       (50.8% logic, 49.2% route)

=========================================================================
Timing constraint: Default OFFSET IN BEFORE for Clock 'hi/clkdiv'
  Total number of paths / destination ports: 30 / 30
-------------------------------------------------------------------------
Offset:              1.510ns (Levels of Logic = 2)
  Source:            rst (PAD)
  Destination:       cont/vcount_9 (FF)
  Destination Clock: hi/clkdiv rising

  Data Path: rst to cont/vcount_9
                                Gate     Net
    Cell:in->out      fanout   Delay   Delay  Logical Name (Net Name)
    ----------------------------------------  ------------
     IBUF:I->O            14   0.001   0.743  rst_IBUF (rst_IBUF)
     LUT6:I1->O           10   0.097   0.321  cont/_n00451 (cont/_n0045)
     FDRE:R                    0.349          cont/vcount_0
    ----------------------------------------
    Total                      1.510ns (0.447ns logic, 1.063ns route)
                                       (29.6% logic, 70.4% route)

=========================================================================
Timing constraint: Default OFFSET OUT AFTER for Clock 'hi/clkdiv'
  Total number of paths / destination ports: 7802 / 10
-------------------------------------------------------------------------
Offset:              5.285ns (Levels of Logic = 8)
  Source:            cont/hcount_9 (FF)
  Destination:       r<2> (PAD)
  Source Clock:      hi/clkdiv rising

  Data Path: cont/hcount_9 to r<2>
                                Gate     Net
    Cell:in->out      fanout   Delay   Delay  Logical Name (Net Name)
    ----------------------------------------  ------------
     FDC:C->Q              5   0.361   0.712  cont/hcount_9 (cont/hcount_9)
     LUT6:I0->O            6   0.097   0.534  cont/bright5_SW0 (N21)
     LUT5:I2->O           18   0.097   0.590  cont/bright5 (bright)
     LUT3:I0->O          128   0.097   0.815  col/Mmux_add21 (col/add<4>)
     LUT6:I0->O            1   0.097   0.556  col/Mmux_R<0>_124 (col/Mmux_R<0>_124)
     LUT6:I2->O            1   0.097   0.379  col/Mmux_R<0>_71 (col/Mmux_R<0>_71)
     LUT3:I1->O            1   0.097   0.379  col/add<8>_SW0 (N19)
     LUT6:I4->O            1   0.097   0.279  col/add<8> (r_0_OBUF)
     OBUF:I->O                 0.000          r_0_OBUF (r<0>)
    ----------------------------------------
    Total                      5.285ns (1.040ns logic, 4.245ns route)
                                       (19.7% logic, 80.3% route)

=========================================================================
Timing constraint: Default path analysis
  Total number of paths / destination ports: 2 / 2
-------------------------------------------------------------------------
Delay:               0.340ns (Levels of Logic = 1)
  Source:            rst (PAD)
  Destination:       instance_name/mmcm_adv_inst:RST (PAD)

  Data Path: rst to instance_name/mmcm_adv_inst:RST
                                Gate     Net
    Cell:in->out      fanout   Delay   Delay  Logical Name (Net Name)
    ----------------------------------------  ------------
     IBUF:I->O            14   0.001   0.339  rst_IBUF (rst_IBUF)
    MMCME2_ADV:RST             0.000          instance_name/mmcm_adv_inst
    ----------------------------------------
    Total                      0.340ns (0.001ns logic, 0.339ns route)
                                       (0.3% logic, 99.7% route)

=========================================================================

Cross Clock Domains Report:
--------------------------

Clock to Setup on destination clock hi/clkdiv
---------------+---------+---------+---------+---------+
               | Src:Rise| Src:Fall| Src:Rise| Src:Fall|
Source Clock   |Dest:Rise|Dest:Rise|Dest:Fall|Dest:Fall|
---------------+---------+---------+---------+---------+
hi/clkdiv      |    4.578|         |         |         |
---------------+---------+---------+---------+---------+

Clock to Setup on destination clock instance_name/clkout0
---------------------+---------+---------+---------+---------+
                     | Src:Rise| Src:Fall| Src:Rise| Src:Fall|
Source Clock         |Dest:Rise|Dest:Rise|Dest:Fall|Dest:Fall|
---------------------+---------+---------+---------+---------+
instance_name/clkout0|    1.132|         |         |         |
---------------------+---------+---------+---------+---------+

=========================================================================


Total REAL time to Xst completion: 18.00 secs
Total CPU time to Xst completion: 17.81 secs
 
--> 

Total memory usage is 444372 kilobytes

Number of errors   :    0 (   0 filtered)
Number of warnings :   21 (   0 filtered)
Number of infos    :    0 (   0 filtered)

